Archive member included to satisfy reference by file (symbol)

/opt/homebrew/Cellar/avr-gcc@9/9.4.0/lib/avr-gcc/9/gcc/avr/9.4.0/avr5/libgcc.a(_exit.o)
                              /opt/homebrew/Cellar/avr-gcc@9/9.4.0/lib/avr-gcc/9/gcc/avr/9.4.0/../../../../../../avr/lib/avr5/crtatmega32.o (exit)
/opt/homebrew/Cellar/avr-gcc@9/9.4.0/lib/avr-gcc/9/gcc/avr/9.4.0/avr5/libgcc.a(_copy_data.o)
                              ./appp.o (__do_copy_data)
/opt/homebrew/Cellar/avr-gcc@9/9.4.0/lib/avr-gcc/9/gcc/avr/9.4.0/avr5/libgcc.a(_clear_bss.o)
                              ./Ultrasonic_Sensor.o (__do_clear_bss)
/opt/homebrew/Cellar/avr-gcc@9/9.4.0/lib/avr-gcc/9/gcc/avr/9.4.0/../../../../../../avr/lib/avr5/libm.a(addsf3.o)
                              ./Ultrasonic_Sensor.o (__addsf3)
/opt/homebrew/Cellar/avr-gcc@9/9.4.0/lib/avr-gcc/9/gcc/avr/9.4.0/../../../../../../avr/lib/avr5/libm.a(addsf3x.o)
                              /opt/homebrew/Cellar/avr-gcc@9/9.4.0/lib/avr-gcc/9/gcc/avr/9.4.0/../../../../../../avr/lib/avr5/libm.a(addsf3.o) (__addsf3x)
/opt/homebrew/Cellar/avr-gcc@9/9.4.0/lib/avr-gcc/9/gcc/avr/9.4.0/../../../../../../avr/lib/avr5/libm.a(cmpsf2.o)
                              ./Ultrasonic_Sensor.o (__ltsf2)
/opt/homebrew/Cellar/avr-gcc@9/9.4.0/lib/avr-gcc/9/gcc/avr/9.4.0/../../../../../../avr/lib/avr5/libm.a(divsf3.o)
                              ./Ultrasonic_Sensor.o (__divsf3)
/opt/homebrew/Cellar/avr-gcc@9/9.4.0/lib/avr-gcc/9/gcc/avr/9.4.0/../../../../../../avr/lib/avr5/libm.a(divsf3x.o)
                              /opt/homebrew/Cellar/avr-gcc@9/9.4.0/lib/avr-gcc/9/gcc/avr/9.4.0/../../../../../../avr/lib/avr5/libm.a(divsf3.o) (__divsf3x)
/opt/homebrew/Cellar/avr-gcc@9/9.4.0/lib/avr-gcc/9/gcc/avr/9.4.0/../../../../../../avr/lib/avr5/libm.a(fixunssfsi.o)
                              ./Ultrasonic_Sensor.o (__fixunssfsi)
/opt/homebrew/Cellar/avr-gcc@9/9.4.0/lib/avr-gcc/9/gcc/avr/9.4.0/../../../../../../avr/lib/avr5/libm.a(floatsisf.o)
                              ./Ultrasonic_Sensor.o (__floatunsisf)
/opt/homebrew/Cellar/avr-gcc@9/9.4.0/lib/avr-gcc/9/gcc/avr/9.4.0/../../../../../../avr/lib/avr5/libm.a(fp_cmp.o)
                              /opt/homebrew/Cellar/avr-gcc@9/9.4.0/lib/avr-gcc/9/gcc/avr/9.4.0/../../../../../../avr/lib/avr5/libm.a(cmpsf2.o) (__fp_cmp)
/opt/homebrew/Cellar/avr-gcc@9/9.4.0/lib/avr-gcc/9/gcc/avr/9.4.0/../../../../../../avr/lib/avr5/libm.a(fp_inf.o)
                              /opt/homebrew/Cellar/avr-gcc@9/9.4.0/lib/avr-gcc/9/gcc/avr/9.4.0/../../../../../../avr/lib/avr5/libm.a(addsf3x.o) (__fp_inf)
/opt/homebrew/Cellar/avr-gcc@9/9.4.0/lib/avr-gcc/9/gcc/avr/9.4.0/../../../../../../avr/lib/avr5/libm.a(fp_nan.o)
                              /opt/homebrew/Cellar/avr-gcc@9/9.4.0/lib/avr-gcc/9/gcc/avr/9.4.0/../../../../../../avr/lib/avr5/libm.a(addsf3x.o) (__fp_nan)
/opt/homebrew/Cellar/avr-gcc@9/9.4.0/lib/avr-gcc/9/gcc/avr/9.4.0/../../../../../../avr/lib/avr5/libm.a(fp_pscA.o)
                              /opt/homebrew/Cellar/avr-gcc@9/9.4.0/lib/avr-gcc/9/gcc/avr/9.4.0/../../../../../../avr/lib/avr5/libm.a(addsf3x.o) (__fp_pscA)
/opt/homebrew/Cellar/avr-gcc@9/9.4.0/lib/avr-gcc/9/gcc/avr/9.4.0/../../../../../../avr/lib/avr5/libm.a(fp_pscB.o)
                              /opt/homebrew/Cellar/avr-gcc@9/9.4.0/lib/avr-gcc/9/gcc/avr/9.4.0/../../../../../../avr/lib/avr5/libm.a(addsf3x.o) (__fp_pscB)
/opt/homebrew/Cellar/avr-gcc@9/9.4.0/lib/avr-gcc/9/gcc/avr/9.4.0/../../../../../../avr/lib/avr5/libm.a(fp_round.o)
                              /opt/homebrew/Cellar/avr-gcc@9/9.4.0/lib/avr-gcc/9/gcc/avr/9.4.0/../../../../../../avr/lib/avr5/libm.a(addsf3.o) (__fp_round)
/opt/homebrew/Cellar/avr-gcc@9/9.4.0/lib/avr-gcc/9/gcc/avr/9.4.0/../../../../../../avr/lib/avr5/libm.a(fp_split3.o)
                              /opt/homebrew/Cellar/avr-gcc@9/9.4.0/lib/avr-gcc/9/gcc/avr/9.4.0/../../../../../../avr/lib/avr5/libm.a(addsf3x.o) (__fp_split3)
/opt/homebrew/Cellar/avr-gcc@9/9.4.0/lib/avr-gcc/9/gcc/avr/9.4.0/../../../../../../avr/lib/avr5/libm.a(fp_zero.o)
                              /opt/homebrew/Cellar/avr-gcc@9/9.4.0/lib/avr-gcc/9/gcc/avr/9.4.0/../../../../../../avr/lib/avr5/libm.a(addsf3x.o) (__fp_zero)
/opt/homebrew/Cellar/avr-gcc@9/9.4.0/lib/avr-gcc/9/gcc/avr/9.4.0/../../../../../../avr/lib/avr5/libm.a(gesf2.o)
                              ./Ultrasonic_Sensor.o (__gtsf2)
/opt/homebrew/Cellar/avr-gcc@9/9.4.0/lib/avr-gcc/9/gcc/avr/9.4.0/../../../../../../avr/lib/avr5/libm.a(mulsf3.o)
                              ./Ultrasonic_Sensor.o (__mulsf3)
/opt/homebrew/Cellar/avr-gcc@9/9.4.0/lib/avr-gcc/9/gcc/avr/9.4.0/../../../../../../avr/lib/avr5/libm.a(mulsf3x.o)
                              /opt/homebrew/Cellar/avr-gcc@9/9.4.0/lib/avr-gcc/9/gcc/avr/9.4.0/../../../../../../avr/lib/avr5/libm.a(mulsf3.o) (__mulsf3x)
/opt/homebrew/Cellar/avr-gcc@9/9.4.0/lib/avr-gcc/9/gcc/avr/9.4.0/../../../../../../avr/lib/avr5/libc.a(itoa.o)
                              ./lcd.o (itoa)
/opt/homebrew/Cellar/avr-gcc@9/9.4.0/lib/avr-gcc/9/gcc/avr/9.4.0/../../../../../../avr/lib/avr5/libc.a(itoa_ncheck.o)
                              /opt/homebrew/Cellar/avr-gcc@9/9.4.0/lib/avr-gcc/9/gcc/avr/9.4.0/../../../../../../avr/lib/avr5/libc.a(itoa.o) (__itoa_ncheck)
/opt/homebrew/Cellar/avr-gcc@9/9.4.0/lib/avr-gcc/9/gcc/avr/9.4.0/../../../../../../avr/lib/avr5/libc.a(utoa_ncheck.o)
                              /opt/homebrew/Cellar/avr-gcc@9/9.4.0/lib/avr-gcc/9/gcc/avr/9.4.0/../../../../../../avr/lib/avr5/libc.a(itoa_ncheck.o) (__utoa_common)
/opt/homebrew/Cellar/avr-gcc@9/9.4.0/lib/avr-gcc/9/gcc/avr/9.4.0/../../../../../../avr/lib/avr5/libc.a(strrev.o)
                              /opt/homebrew/Cellar/avr-gcc@9/9.4.0/lib/avr-gcc/9/gcc/avr/9.4.0/../../../../../../avr/lib/avr5/libc.a(utoa_ncheck.o) (strrev)

Memory Configuration

Name             Origin             Length             Attributes
text             0x00000000         0x00020000         xr
data             0x00800060         0x0000ffa0         rw!x
eeprom           0x00810000         0x00010000         rw!x
fuse             0x00820000         0x00000002         rw!x
lock             0x00830000         0x00000400         rw!x
signature        0x00840000         0x00000400         rw!x
user_signatures  0x00850000         0x00000400         rw!x
*default*        0x00000000         0xffffffff

Linker script and memory map

LOAD /opt/homebrew/Cellar/avr-gcc@9/9.4.0/lib/avr-gcc/9/gcc/avr/9.4.0/../../../../../../avr/lib/avr5/crtatmega32.o
LOAD ./.metadata/.plugins/org.eclipse.cdt.make.core/specs.o
LOAD ./Ultrasonic_Sensor.o
LOAD ./appp.o
LOAD ./gpio.o
LOAD ./icu.o
LOAD ./lcd.o
START GROUP
LOAD /opt/homebrew/Cellar/avr-gcc@9/9.4.0/lib/avr-gcc/9/gcc/avr/9.4.0/avr5/libgcc.a
LOAD /opt/homebrew/Cellar/avr-gcc@9/9.4.0/lib/avr-gcc/9/gcc/avr/9.4.0/../../../../../../avr/lib/avr5/libm.a
LOAD /opt/homebrew/Cellar/avr-gcc@9/9.4.0/lib/avr-gcc/9/gcc/avr/9.4.0/../../../../../../avr/lib/avr5/libc.a
LOAD /opt/homebrew/Cellar/avr-gcc@9/9.4.0/lib/avr-gcc/9/gcc/avr/9.4.0/../../../../../../avr/lib/avr5/libatmega32.a
END GROUP
                0x00020000                        __TEXT_REGION_LENGTH__ = DEFINED (__TEXT_REGION_LENGTH__)?__TEXT_REGION_LENGTH__:0x20000
                0x00800060                        __DATA_REGION_ORIGIN__ = DEFINED (__DATA_REGION_ORIGIN__)?__DATA_REGION_ORIGIN__:0x800060
                0x0000ffa0                        __DATA_REGION_LENGTH__ = DEFINED (__DATA_REGION_LENGTH__)?__DATA_REGION_LENGTH__:0xffa0
                0x00010000                        __EEPROM_REGION_LENGTH__ = DEFINED (__EEPROM_REGION_LENGTH__)?__EEPROM_REGION_LENGTH__:0x10000
                [0x00000002]                      __FUSE_REGION_LENGTH__ = DEFINED (__FUSE_REGION_LENGTH__)?__FUSE_REGION_LENGTH__:0x400
                0x00000400                        __LOCK_REGION_LENGTH__ = DEFINED (__LOCK_REGION_LENGTH__)?__LOCK_REGION_LENGTH__:0x400
                0x00000400                        __SIGNATURE_REGION_LENGTH__ = DEFINED (__SIGNATURE_REGION_LENGTH__)?__SIGNATURE_REGION_LENGTH__:0x400
                0x00000400                        __USER_SIGNATURE_REGION_LENGTH__ = DEFINED (__USER_SIGNATURE_REGION_LENGTH__)?__USER_SIGNATURE_REGION_LENGTH__:0x400

.hash
 *(.hash)

.dynsym
 *(.dynsym)

.dynstr
 *(.dynstr)

.gnu.version
 *(.gnu.version)

.gnu.version_d
 *(.gnu.version_d)

.gnu.version_r
 *(.gnu.version_r)

.rel.init
 *(.rel.init)

.rela.init
 *(.rela.init)

.rel.text
 *(.rel.text)
 *(.rel.text.*)
 *(.rel.gnu.linkonce.t*)

.rela.text
 *(.rela.text)
 *(.rela.text.*)
 *(.rela.gnu.linkonce.t*)

.rel.fini
 *(.rel.fini)

.rela.fini
 *(.rela.fini)

.rel.rodata
 *(.rel.rodata)
 *(.rel.rodata.*)
 *(.rel.gnu.linkonce.r*)

.rela.rodata
 *(.rela.rodata)
 *(.rela.rodata.*)
 *(.rela.gnu.linkonce.r*)

.rel.data
 *(.rel.data)
 *(.rel.data.*)
 *(.rel.gnu.linkonce.d*)

.rela.data
 *(.rela.data)
 *(.rela.data.*)
 *(.rela.gnu.linkonce.d*)

.rel.ctors
 *(.rel.ctors)

.rela.ctors
 *(.rela.ctors)

.rel.dtors
 *(.rel.dtors)

.rela.dtors
 *(.rela.dtors)

.rel.got
 *(.rel.got)

.rela.got
 *(.rela.got)

.rel.bss
 *(.rel.bss)

.rela.bss
 *(.rela.bss)

.rel.plt
 *(.rel.plt)

.rela.plt
 *(.rela.plt)

.text           0x00000000     0x2688
 *(.vectors)
 .vectors       0x00000000       0x54 /opt/homebrew/Cellar/avr-gcc@9/9.4.0/lib/avr-gcc/9/gcc/avr/9.4.0/../../../../../../avr/lib/avr5/crtatmega32.o
                0x00000000                __vectors
                0x00000000                __vector_default
 *(.vectors)
 *(.progmem.gcc*)
                0x00000054                        . = ALIGN (0x2)
                0x00000054                        __trampolines_start = .
 *(.trampolines)
 .trampolines   0x00000054        0x0 linker stubs
 *(.trampolines*)
                0x00000054                        __trampolines_end = .
 *libprintf_flt.a:*(.progmem.data)
 *libc.a:*(.progmem.data)
 *(.progmem.*)
                0x00000054                        . = ALIGN (0x2)
 *(.lowtext)
 *(.lowtext*)
                0x00000054                        __ctors_start = .
 *(.ctors)
                0x00000054                        __ctors_end = .
                0x00000054                        __dtors_start = .
 *(.dtors)
                0x00000054                        __dtors_end = .
 SORT_BY_NAME(*)(.ctors)
 SORT_BY_NAME(*)(.dtors)
 *(.init0)
 .init0         0x00000054        0x0 /opt/homebrew/Cellar/avr-gcc@9/9.4.0/lib/avr-gcc/9/gcc/avr/9.4.0/../../../../../../avr/lib/avr5/crtatmega32.o
                0x00000054                __init
 *(.init0)
 *(.init1)
 *(.init1)
 *(.init2)
 .init2         0x00000054        0xc /opt/homebrew/Cellar/avr-gcc@9/9.4.0/lib/avr-gcc/9/gcc/avr/9.4.0/../../../../../../avr/lib/avr5/crtatmega32.o
 *(.init2)
 *(.init3)
 *(.init3)
 *(.init4)
 .init4         0x00000060       0x16 /opt/homebrew/Cellar/avr-gcc@9/9.4.0/lib/avr-gcc/9/gcc/avr/9.4.0/avr5/libgcc.a(_copy_data.o)
                0x00000060                __do_copy_data
 .init4         0x00000076       0x10 /opt/homebrew/Cellar/avr-gcc@9/9.4.0/lib/avr-gcc/9/gcc/avr/9.4.0/avr5/libgcc.a(_clear_bss.o)
                0x00000076                __do_clear_bss
 *(.init4)
 *(.init5)
 *(.init5)
 *(.init6)
 *(.init6)
 *(.init7)
 *(.init7)
 *(.init8)
 *(.init8)
 *(.init9)
 .init9         0x00000086        0x8 /opt/homebrew/Cellar/avr-gcc@9/9.4.0/lib/avr-gcc/9/gcc/avr/9.4.0/../../../../../../avr/lib/avr5/crtatmega32.o
 *(.init9)
 *(.text)
 .text          0x0000008e        0x4 /opt/homebrew/Cellar/avr-gcc@9/9.4.0/lib/avr-gcc/9/gcc/avr/9.4.0/../../../../../../avr/lib/avr5/crtatmega32.o
                0x0000008e                __vector_20
                0x0000008e                __vector_12
                0x0000008e                __bad_interrupt
                0x0000008e                __vector_3
                0x0000008e                __vector_11
                0x0000008e                __vector_13
                0x0000008e                __vector_17
                0x0000008e                __vector_19
                0x0000008e                __vector_7
                0x0000008e                __vector_5
                0x0000008e                __vector_4
                0x0000008e                __vector_9
                0x0000008e                __vector_2
                0x0000008e                __vector_15
                0x0000008e                __vector_8
                0x0000008e                __vector_14
                0x0000008e                __vector_10
                0x0000008e                __vector_16
                0x0000008e                __vector_18
                0x0000008e                __vector_1
 .text          0x00000092        0x0 ./.metadata/.plugins/org.eclipse.cdt.make.core/specs.o
 .text          0x00000092        0x0 ./Ultrasonic_Sensor.o
 .text          0x00000092        0x0 ./appp.o
 .text          0x00000092        0x0 ./gpio.o
 .text          0x00000092        0x0 ./icu.o
 .text          0x00000092        0x0 ./lcd.o
 .text          0x00000092        0x0 /opt/homebrew/Cellar/avr-gcc@9/9.4.0/lib/avr-gcc/9/gcc/avr/9.4.0/avr5/libgcc.a(_exit.o)
 .text          0x00000092        0x0 /opt/homebrew/Cellar/avr-gcc@9/9.4.0/lib/avr-gcc/9/gcc/avr/9.4.0/avr5/libgcc.a(_copy_data.o)
 .text          0x00000092        0x0 /opt/homebrew/Cellar/avr-gcc@9/9.4.0/lib/avr-gcc/9/gcc/avr/9.4.0/avr5/libgcc.a(_clear_bss.o)
 .text          0x00000092        0x0 /opt/homebrew/Cellar/avr-gcc@9/9.4.0/lib/avr-gcc/9/gcc/avr/9.4.0/../../../../../../avr/lib/avr5/libm.a(addsf3.o)
 .text          0x00000092        0x0 /opt/homebrew/Cellar/avr-gcc@9/9.4.0/lib/avr-gcc/9/gcc/avr/9.4.0/../../../../../../avr/lib/avr5/libm.a(addsf3x.o)
 .text          0x00000092        0x0 /opt/homebrew/Cellar/avr-gcc@9/9.4.0/lib/avr-gcc/9/gcc/avr/9.4.0/../../../../../../avr/lib/avr5/libm.a(cmpsf2.o)
 .text          0x00000092        0x0 /opt/homebrew/Cellar/avr-gcc@9/9.4.0/lib/avr-gcc/9/gcc/avr/9.4.0/../../../../../../avr/lib/avr5/libm.a(divsf3.o)
 .text          0x00000092        0x0 /opt/homebrew/Cellar/avr-gcc@9/9.4.0/lib/avr-gcc/9/gcc/avr/9.4.0/../../../../../../avr/lib/avr5/libm.a(divsf3x.o)
 .text          0x00000092        0x0 /opt/homebrew/Cellar/avr-gcc@9/9.4.0/lib/avr-gcc/9/gcc/avr/9.4.0/../../../../../../avr/lib/avr5/libm.a(fixunssfsi.o)
 .text          0x00000092        0x0 /opt/homebrew/Cellar/avr-gcc@9/9.4.0/lib/avr-gcc/9/gcc/avr/9.4.0/../../../../../../avr/lib/avr5/libm.a(floatsisf.o)
 .text          0x00000092        0x0 /opt/homebrew/Cellar/avr-gcc@9/9.4.0/lib/avr-gcc/9/gcc/avr/9.4.0/../../../../../../avr/lib/avr5/libm.a(fp_cmp.o)
 .text          0x00000092        0x0 /opt/homebrew/Cellar/avr-gcc@9/9.4.0/lib/avr-gcc/9/gcc/avr/9.4.0/../../../../../../avr/lib/avr5/libm.a(fp_inf.o)
 .text          0x00000092        0x0 /opt/homebrew/Cellar/avr-gcc@9/9.4.0/lib/avr-gcc/9/gcc/avr/9.4.0/../../../../../../avr/lib/avr5/libm.a(fp_nan.o)
 .text          0x00000092        0x0 /opt/homebrew/Cellar/avr-gcc@9/9.4.0/lib/avr-gcc/9/gcc/avr/9.4.0/../../../../../../avr/lib/avr5/libm.a(fp_pscA.o)
 .text          0x00000092        0x0 /opt/homebrew/Cellar/avr-gcc@9/9.4.0/lib/avr-gcc/9/gcc/avr/9.4.0/../../../../../../avr/lib/avr5/libm.a(fp_pscB.o)
 .text          0x00000092        0x0 /opt/homebrew/Cellar/avr-gcc@9/9.4.0/lib/avr-gcc/9/gcc/avr/9.4.0/../../../../../../avr/lib/avr5/libm.a(fp_round.o)
 .text          0x00000092        0x0 /opt/homebrew/Cellar/avr-gcc@9/9.4.0/lib/avr-gcc/9/gcc/avr/9.4.0/../../../../../../avr/lib/avr5/libm.a(fp_split3.o)
 .text          0x00000092        0x0 /opt/homebrew/Cellar/avr-gcc@9/9.4.0/lib/avr-gcc/9/gcc/avr/9.4.0/../../../../../../avr/lib/avr5/libm.a(fp_zero.o)
 .text          0x00000092        0x0 /opt/homebrew/Cellar/avr-gcc@9/9.4.0/lib/avr-gcc/9/gcc/avr/9.4.0/../../../../../../avr/lib/avr5/libm.a(gesf2.o)
 .text          0x00000092        0x0 /opt/homebrew/Cellar/avr-gcc@9/9.4.0/lib/avr-gcc/9/gcc/avr/9.4.0/../../../../../../avr/lib/avr5/libm.a(mulsf3.o)
 .text          0x00000092        0x0 /opt/homebrew/Cellar/avr-gcc@9/9.4.0/lib/avr-gcc/9/gcc/avr/9.4.0/../../../../../../avr/lib/avr5/libm.a(mulsf3x.o)
 .text          0x00000092        0x0 /opt/homebrew/Cellar/avr-gcc@9/9.4.0/lib/avr-gcc/9/gcc/avr/9.4.0/../../../../../../avr/lib/avr5/libc.a(itoa.o)
 .text          0x00000092        0x0 /opt/homebrew/Cellar/avr-gcc@9/9.4.0/lib/avr-gcc/9/gcc/avr/9.4.0/../../../../../../avr/lib/avr5/libc.a(itoa_ncheck.o)
 .text          0x00000092        0x0 /opt/homebrew/Cellar/avr-gcc@9/9.4.0/lib/avr-gcc/9/gcc/avr/9.4.0/../../../../../../avr/lib/avr5/libc.a(utoa_ncheck.o)
 .text          0x00000092        0x0 /opt/homebrew/Cellar/avr-gcc@9/9.4.0/lib/avr-gcc/9/gcc/avr/9.4.0/../../../../../../avr/lib/avr5/libc.a(strrev.o)
                0x00000092                        . = ALIGN (0x2)
 *(.text.*)
 .text.Ultrasonic_init
                0x00000092       0x38 ./Ultrasonic_Sensor.o
                0x00000092                Ultrasonic_init
 .text.ultrasonic_edge
                0x000000ca       0x4c ./Ultrasonic_Sensor.o
                0x000000ca                ultrasonic_edge
 .text.Ultrasonic_Trigger
                0x00000116      0x2ba ./Ultrasonic_Sensor.o
                0x00000116                Ultrasonic_Trigger
 .text.Ultrasonic_readDistance
                0x000003d0       0xd2 ./Ultrasonic_Sensor.o
                0x000003d0                Ultrasonic_readDistance
 .text.main     0x000004a2      0x164 ./appp.o
                0x000004a2                main
 .text.GPIO_setupPinDirection
                0x00000606      0x1e2 ./gpio.o
                0x00000606                GPIO_setupPinDirection
 .text.GPIO_writePin
                0x000007e8      0x1e2 ./gpio.o
                0x000007e8                GPIO_writePin
 .text.GPIO_readPin
                0x000009ca      0x118 ./gpio.o
                0x000009ca                GPIO_readPin
 .text.GPIO_setupPortDirection
                0x00000ae2       0x78 ./gpio.o
                0x00000ae2                GPIO_setupPortDirection
 .text.GPIO_writePort
                0x00000b5a       0x78 ./gpio.o
                0x00000b5a                GPIO_writePort
 .text.GPIO_readPort
                0x00000bd2       0x78 ./gpio.o
                0x00000bd2                GPIO_readPort
 .text.__vector_6
                0x00000c4a       0x6a ./icu.o
                0x00000c4a                __vector_6
 .text.ICU_init
                0x00000cb4       0xb0 ./icu.o
                0x00000cb4                ICU_init
 .text.ICU_setCallBack
                0x00000d64       0x26 ./icu.o
                0x00000d64                ICU_setCallBack
 .text.ICU_setEdgeDetectionType
                0x00000d8a       0x46 ./icu.o
                0x00000d8a                ICU_setEdgeDetectionType
 .text.ICU_getInputCaptureValue
                0x00000dd0       0x18 ./icu.o
                0x00000dd0                ICU_getInputCaptureValue
 .text.ICU_clearTimerValue
                0x00000de8       0x1a ./icu.o
                0x00000de8                ICU_clearTimerValue
 .text.ICU_deInit
                0x00000e02       0x22 ./icu.o
                0x00000e02                ICU_deInit
 .text.LCD_init
                0x00000e24      0x172 ./lcd.o
                0x00000e24                LCD_init
 .text.LCD_sendCommand
                0x00000f96      0xae6 ./lcd.o
                0x00000f96                LCD_sendCommand
 .text.LCD_displayCharacter
                0x00001a7c      0x5c2 ./lcd.o
                0x00001a7c                LCD_displayCharacter
 .text.LCD_displayString
                0x0000203e       0x5a ./lcd.o
                0x0000203e                LCD_displayString
 .text.LCD_moveCursor
                0x00002098       0x6c ./lcd.o
                0x00002098                LCD_moveCursor
 .text.LCD_displayStringRowColumn
                0x00002104       0x34 ./lcd.o
                0x00002104                LCD_displayStringRowColumn
 .text.LCD_intgerToString
                0x00002138       0x48 ./lcd.o
                0x00002138                LCD_intgerToString
 .text.LCD_clearScreen
                0x00002180       0x16 ./lcd.o
                0x00002180                LCD_clearScreen
 .text.libgcc.mul
                0x00002196        0x0 /opt/homebrew/Cellar/avr-gcc@9/9.4.0/lib/avr-gcc/9/gcc/avr/9.4.0/avr5/libgcc.a(_exit.o)
 .text.libgcc.div
                0x00002196        0x0 /opt/homebrew/Cellar/avr-gcc@9/9.4.0/lib/avr-gcc/9/gcc/avr/9.4.0/avr5/libgcc.a(_exit.o)
 .text.libgcc   0x00002196        0x0 /opt/homebrew/Cellar/avr-gcc@9/9.4.0/lib/avr-gcc/9/gcc/avr/9.4.0/avr5/libgcc.a(_exit.o)
 .text.libgcc.prologue
                0x00002196        0x0 /opt/homebrew/Cellar/avr-gcc@9/9.4.0/lib/avr-gcc/9/gcc/avr/9.4.0/avr5/libgcc.a(_exit.o)
 .text.libgcc.builtins
                0x00002196        0x0 /opt/homebrew/Cellar/avr-gcc@9/9.4.0/lib/avr-gcc/9/gcc/avr/9.4.0/avr5/libgcc.a(_exit.o)
 .text.libgcc.fmul
                0x00002196        0x0 /opt/homebrew/Cellar/avr-gcc@9/9.4.0/lib/avr-gcc/9/gcc/avr/9.4.0/avr5/libgcc.a(_exit.o)
 .text.libgcc.fixed
                0x00002196        0x0 /opt/homebrew/Cellar/avr-gcc@9/9.4.0/lib/avr-gcc/9/gcc/avr/9.4.0/avr5/libgcc.a(_exit.o)
 .text.libgcc.mul
                0x00002196        0x0 /opt/homebrew/Cellar/avr-gcc@9/9.4.0/lib/avr-gcc/9/gcc/avr/9.4.0/avr5/libgcc.a(_copy_data.o)
 .text.libgcc.div
                0x00002196        0x0 /opt/homebrew/Cellar/avr-gcc@9/9.4.0/lib/avr-gcc/9/gcc/avr/9.4.0/avr5/libgcc.a(_copy_data.o)
 .text.libgcc   0x00002196        0x0 /opt/homebrew/Cellar/avr-gcc@9/9.4.0/lib/avr-gcc/9/gcc/avr/9.4.0/avr5/libgcc.a(_copy_data.o)
 .text.libgcc.prologue
                0x00002196        0x0 /opt/homebrew/Cellar/avr-gcc@9/9.4.0/lib/avr-gcc/9/gcc/avr/9.4.0/avr5/libgcc.a(_copy_data.o)
 .text.libgcc.builtins
                0x00002196        0x0 /opt/homebrew/Cellar/avr-gcc@9/9.4.0/lib/avr-gcc/9/gcc/avr/9.4.0/avr5/libgcc.a(_copy_data.o)
 .text.libgcc.fmul
                0x00002196        0x0 /opt/homebrew/Cellar/avr-gcc@9/9.4.0/lib/avr-gcc/9/gcc/avr/9.4.0/avr5/libgcc.a(_copy_data.o)
 .text.libgcc.fixed
                0x00002196        0x0 /opt/homebrew/Cellar/avr-gcc@9/9.4.0/lib/avr-gcc/9/gcc/avr/9.4.0/avr5/libgcc.a(_copy_data.o)
 .text.libgcc.mul
                0x00002196        0x0 /opt/homebrew/Cellar/avr-gcc@9/9.4.0/lib/avr-gcc/9/gcc/avr/9.4.0/avr5/libgcc.a(_clear_bss.o)
 .text.libgcc.div
                0x00002196        0x0 /opt/homebrew/Cellar/avr-gcc@9/9.4.0/lib/avr-gcc/9/gcc/avr/9.4.0/avr5/libgcc.a(_clear_bss.o)
 .text.libgcc   0x00002196        0x0 /opt/homebrew/Cellar/avr-gcc@9/9.4.0/lib/avr-gcc/9/gcc/avr/9.4.0/avr5/libgcc.a(_clear_bss.o)
 .text.libgcc.prologue
                0x00002196        0x0 /opt/homebrew/Cellar/avr-gcc@9/9.4.0/lib/avr-gcc/9/gcc/avr/9.4.0/avr5/libgcc.a(_clear_bss.o)
 .text.libgcc.builtins
                0x00002196        0x0 /opt/homebrew/Cellar/avr-gcc@9/9.4.0/lib/avr-gcc/9/gcc/avr/9.4.0/avr5/libgcc.a(_clear_bss.o)
 .text.libgcc.fmul
                0x00002196        0x0 /opt/homebrew/Cellar/avr-gcc@9/9.4.0/lib/avr-gcc/9/gcc/avr/9.4.0/avr5/libgcc.a(_clear_bss.o)
 .text.libgcc.fixed
                0x00002196        0x0 /opt/homebrew/Cellar/avr-gcc@9/9.4.0/lib/avr-gcc/9/gcc/avr/9.4.0/avr5/libgcc.a(_clear_bss.o)
 .text.avr-libc.fplib
                0x00002196        0xe /opt/homebrew/Cellar/avr-gcc@9/9.4.0/lib/avr-gcc/9/gcc/avr/9.4.0/../../../../../../avr/lib/avr5/libm.a(addsf3.o)
                0x00002196                __subsf3
                0x00002198                __addsf3
 .text.avr-libc.fplib
                0x000021a4       0xcc /opt/homebrew/Cellar/avr-gcc@9/9.4.0/lib/avr-gcc/9/gcc/avr/9.4.0/../../../../../../avr/lib/avr5/libm.a(addsf3x.o)
                0x000021c6                __addsf3x
 .text.avr-libc.fplib
                0x00002270        0xa /opt/homebrew/Cellar/avr-gcc@9/9.4.0/lib/avr-gcc/9/gcc/avr/9.4.0/../../../../../../avr/lib/avr5/libm.a(cmpsf2.o)
                0x00002270                __lesf2
                0x00002270                __nesf2
                0x00002270                __eqsf2
                0x00002270                __cmpsf2
                0x00002270                __ltsf2
 .text.avr-libc.fplib
                0x0000227a        0x8 /opt/homebrew/Cellar/avr-gcc@9/9.4.0/lib/avr-gcc/9/gcc/avr/9.4.0/../../../../../../avr/lib/avr5/libm.a(divsf3.o)
                0x0000227a                __divsf3
 .text.avr-libc.fplib
                0x00002282       0xdc /opt/homebrew/Cellar/avr-gcc@9/9.4.0/lib/avr-gcc/9/gcc/avr/9.4.0/../../../../../../avr/lib/avr5/libm.a(divsf3x.o)
                0x000022a2                __divsf3x
                0x000022a8                __divsf3_pse
 .text.avr-libc.fplib
                0x0000235e       0x5e /opt/homebrew/Cellar/avr-gcc@9/9.4.0/lib/avr-gcc/9/gcc/avr/9.4.0/../../../../../../avr/lib/avr5/libm.a(fixunssfsi.o)
                0x0000235e                __fixunssfsi
 .text.avr-libc.fplib
                0x000023bc       0x7a /opt/homebrew/Cellar/avr-gcc@9/9.4.0/lib/avr-gcc/9/gcc/avr/9.4.0/../../../../../../avr/lib/avr5/libm.a(floatsisf.o)
                0x000023bc                __floatunsisf
                0x000023c0                __floatsisf
 .text.avr-libc.fplib
                0x00002436       0x48 /opt/homebrew/Cellar/avr-gcc@9/9.4.0/lib/avr-gcc/9/gcc/avr/9.4.0/../../../../../../avr/lib/avr5/libm.a(fp_cmp.o)
                0x00002436                __fp_cmp
 .text.avr-libc.fplib
                0x0000247e        0xc /opt/homebrew/Cellar/avr-gcc@9/9.4.0/lib/avr-gcc/9/gcc/avr/9.4.0/../../../../../../avr/lib/avr5/libm.a(fp_inf.o)
                0x0000247e                __fp_inf
 .text.avr-libc.fplib
                0x0000248a        0x6 /opt/homebrew/Cellar/avr-gcc@9/9.4.0/lib/avr-gcc/9/gcc/avr/9.4.0/../../../../../../avr/lib/avr5/libm.a(fp_nan.o)
                0x0000248a                __fp_nan
 .text.avr-libc.fplib
                0x00002490        0xe /opt/homebrew/Cellar/avr-gcc@9/9.4.0/lib/avr-gcc/9/gcc/avr/9.4.0/../../../../../../avr/lib/avr5/libm.a(fp_pscA.o)
                0x00002490                __fp_pscA
 .text.avr-libc.fplib
                0x0000249e        0xe /opt/homebrew/Cellar/avr-gcc@9/9.4.0/lib/avr-gcc/9/gcc/avr/9.4.0/../../../../../../avr/lib/avr5/libm.a(fp_pscB.o)
                0x0000249e                __fp_pscB
 .text.avr-libc.fplib
                0x000024ac       0x22 /opt/homebrew/Cellar/avr-gcc@9/9.4.0/lib/avr-gcc/9/gcc/avr/9.4.0/../../../../../../avr/lib/avr5/libm.a(fp_round.o)
                0x000024ac                __fp_round
 .text.avr-libc.fplib
                0x000024ce       0x44 /opt/homebrew/Cellar/avr-gcc@9/9.4.0/lib/avr-gcc/9/gcc/avr/9.4.0/../../../../../../avr/lib/avr5/libm.a(fp_split3.o)
                0x000024ce                __fp_split3
                0x000024de                __fp_splitA
 .text.avr-libc.fplib
                0x00002512        0xe /opt/homebrew/Cellar/avr-gcc@9/9.4.0/lib/avr-gcc/9/gcc/avr/9.4.0/../../../../../../avr/lib/avr5/libm.a(fp_zero.o)
                0x00002512                __fp_zero
                0x00002514                __fp_szero
 .text.avr-libc.fplib
                0x00002520        0xa /opt/homebrew/Cellar/avr-gcc@9/9.4.0/lib/avr-gcc/9/gcc/avr/9.4.0/../../../../../../avr/lib/avr5/libm.a(gesf2.o)
                0x00002520                __gtsf2
                0x00002520                __gesf2
 .text.avr-libc.fplib
                0x0000252a        0x8 /opt/homebrew/Cellar/avr-gcc@9/9.4.0/lib/avr-gcc/9/gcc/avr/9.4.0/../../../../../../avr/lib/avr5/libm.a(mulsf3.o)
                0x0000252a                __mulsf3
 .text.avr-libc.fplib
                0x00002532       0xd2 /opt/homebrew/Cellar/avr-gcc@9/9.4.0/lib/avr-gcc/9/gcc/avr/9.4.0/../../../../../../avr/lib/avr5/libm.a(mulsf3x.o)
                0x00002550                __mulsf3x
                0x00002556                __mulsf3_pse
 .text.avr-libc
                0x00002604       0x16 /opt/homebrew/Cellar/avr-gcc@9/9.4.0/lib/avr-gcc/9/gcc/avr/9.4.0/../../../../../../avr/lib/avr5/libc.a(itoa.o)
                0x00002604                itoa
                0x00002604                __itoa
 .text.avr-libc
                0x0000261a       0x16 /opt/homebrew/Cellar/avr-gcc@9/9.4.0/lib/avr-gcc/9/gcc/avr/9.4.0/../../../../../../avr/lib/avr5/libc.a(itoa_ncheck.o)
                0x0000261a                __itoa_ncheck
 .text.avr-libc
                0x00002630       0x34 /opt/homebrew/Cellar/avr-gcc@9/9.4.0/lib/avr-gcc/9/gcc/avr/9.4.0/../../../../../../avr/lib/avr5/libc.a(utoa_ncheck.o)
                0x00002630                __utoa_ncheck
                0x00002632                __utoa_common
 .text.avr-libc
                0x00002664       0x20 /opt/homebrew/Cellar/avr-gcc@9/9.4.0/lib/avr-gcc/9/gcc/avr/9.4.0/../../../../../../avr/lib/avr5/libc.a(strrev.o)
                0x00002664                strrev
                0x00002684                        . = ALIGN (0x2)
 *(.fini9)
 .fini9         0x00002684        0x0 /opt/homebrew/Cellar/avr-gcc@9/9.4.0/lib/avr-gcc/9/gcc/avr/9.4.0/avr5/libgcc.a(_exit.o)
                0x00002684                exit
                0x00002684                _exit
 *(.fini9)
 *(.fini8)
 *(.fini8)
 *(.fini7)
 *(.fini7)
 *(.fini6)
 *(.fini6)
 *(.fini5)
 *(.fini5)
 *(.fini4)
 *(.fini4)
 *(.fini3)
 *(.fini3)
 *(.fini2)
 *(.fini2)
 *(.fini1)
 *(.fini1)
 *(.fini0)
 .fini0         0x00002684        0x4 /opt/homebrew/Cellar/avr-gcc@9/9.4.0/lib/avr-gcc/9/gcc/avr/9.4.0/avr5/libgcc.a(_exit.o)
 *(.fini0)
 *(.hightext)
 *(.hightext*)
 *(.progmemx.*)
                0x00002688                        . = ALIGN (0x2)
 *(.jumptables)
 *(.jumptables*)
                0x00002688                        _etext = .

.data           0x00800060        0xc load address 0x00002688
                0x00800060                        PROVIDE (__data_start = .)
 *(.data)
 .data          0x00800060        0x0 /opt/homebrew/Cellar/avr-gcc@9/9.4.0/lib/avr-gcc/9/gcc/avr/9.4.0/../../../../../../avr/lib/avr5/crtatmega32.o
 .data          0x00800060        0x0 ./.metadata/.plugins/org.eclipse.cdt.make.core/specs.o
 .data          0x00800060        0x0 ./Ultrasonic_Sensor.o
 .data          0x00800060        0x0 ./appp.o
 .data          0x00800060        0x0 ./gpio.o
 .data          0x00800060        0x0 ./icu.o
 .data          0x00800060        0x0 ./lcd.o
 .data          0x00800060        0x0 /opt/homebrew/Cellar/avr-gcc@9/9.4.0/lib/avr-gcc/9/gcc/avr/9.4.0/avr5/libgcc.a(_exit.o)
 .data          0x00800060        0x0 /opt/homebrew/Cellar/avr-gcc@9/9.4.0/lib/avr-gcc/9/gcc/avr/9.4.0/avr5/libgcc.a(_copy_data.o)
 .data          0x00800060        0x0 /opt/homebrew/Cellar/avr-gcc@9/9.4.0/lib/avr-gcc/9/gcc/avr/9.4.0/avr5/libgcc.a(_clear_bss.o)
 .data          0x00800060        0x0 /opt/homebrew/Cellar/avr-gcc@9/9.4.0/lib/avr-gcc/9/gcc/avr/9.4.0/../../../../../../avr/lib/avr5/libm.a(addsf3.o)
 .data          0x00800060        0x0 /opt/homebrew/Cellar/avr-gcc@9/9.4.0/lib/avr-gcc/9/gcc/avr/9.4.0/../../../../../../avr/lib/avr5/libm.a(addsf3x.o)
 .data          0x00800060        0x0 /opt/homebrew/Cellar/avr-gcc@9/9.4.0/lib/avr-gcc/9/gcc/avr/9.4.0/../../../../../../avr/lib/avr5/libm.a(cmpsf2.o)
 .data          0x00800060        0x0 /opt/homebrew/Cellar/avr-gcc@9/9.4.0/lib/avr-gcc/9/gcc/avr/9.4.0/../../../../../../avr/lib/avr5/libm.a(divsf3.o)
 .data          0x00800060        0x0 /opt/homebrew/Cellar/avr-gcc@9/9.4.0/lib/avr-gcc/9/gcc/avr/9.4.0/../../../../../../avr/lib/avr5/libm.a(divsf3x.o)
 .data          0x00800060        0x0 /opt/homebrew/Cellar/avr-gcc@9/9.4.0/lib/avr-gcc/9/gcc/avr/9.4.0/../../../../../../avr/lib/avr5/libm.a(fixunssfsi.o)
 .data          0x00800060        0x0 /opt/homebrew/Cellar/avr-gcc@9/9.4.0/lib/avr-gcc/9/gcc/avr/9.4.0/../../../../../../avr/lib/avr5/libm.a(floatsisf.o)
 .data          0x00800060        0x0 /opt/homebrew/Cellar/avr-gcc@9/9.4.0/lib/avr-gcc/9/gcc/avr/9.4.0/../../../../../../avr/lib/avr5/libm.a(fp_cmp.o)
 .data          0x00800060        0x0 /opt/homebrew/Cellar/avr-gcc@9/9.4.0/lib/avr-gcc/9/gcc/avr/9.4.0/../../../../../../avr/lib/avr5/libm.a(fp_inf.o)
 .data          0x00800060        0x0 /opt/homebrew/Cellar/avr-gcc@9/9.4.0/lib/avr-gcc/9/gcc/avr/9.4.0/../../../../../../avr/lib/avr5/libm.a(fp_nan.o)
 .data          0x00800060        0x0 /opt/homebrew/Cellar/avr-gcc@9/9.4.0/lib/avr-gcc/9/gcc/avr/9.4.0/../../../../../../avr/lib/avr5/libm.a(fp_pscA.o)
 .data          0x00800060        0x0 /opt/homebrew/Cellar/avr-gcc@9/9.4.0/lib/avr-gcc/9/gcc/avr/9.4.0/../../../../../../avr/lib/avr5/libm.a(fp_pscB.o)
 .data          0x00800060        0x0 /opt/homebrew/Cellar/avr-gcc@9/9.4.0/lib/avr-gcc/9/gcc/avr/9.4.0/../../../../../../avr/lib/avr5/libm.a(fp_round.o)
 .data          0x00800060        0x0 /opt/homebrew/Cellar/avr-gcc@9/9.4.0/lib/avr-gcc/9/gcc/avr/9.4.0/../../../../../../avr/lib/avr5/libm.a(fp_split3.o)
 .data          0x00800060        0x0 /opt/homebrew/Cellar/avr-gcc@9/9.4.0/lib/avr-gcc/9/gcc/avr/9.4.0/../../../../../../avr/lib/avr5/libm.a(fp_zero.o)
 .data          0x00800060        0x0 /opt/homebrew/Cellar/avr-gcc@9/9.4.0/lib/avr-gcc/9/gcc/avr/9.4.0/../../../../../../avr/lib/avr5/libm.a(gesf2.o)
 .data          0x00800060        0x0 /opt/homebrew/Cellar/avr-gcc@9/9.4.0/lib/avr-gcc/9/gcc/avr/9.4.0/../../../../../../avr/lib/avr5/libm.a(mulsf3.o)
 .data          0x00800060        0x0 /opt/homebrew/Cellar/avr-gcc@9/9.4.0/lib/avr-gcc/9/gcc/avr/9.4.0/../../../../../../avr/lib/avr5/libm.a(mulsf3x.o)
 .data          0x00800060        0x0 /opt/homebrew/Cellar/avr-gcc@9/9.4.0/lib/avr-gcc/9/gcc/avr/9.4.0/../../../../../../avr/lib/avr5/libc.a(itoa.o)
 .data          0x00800060        0x0 /opt/homebrew/Cellar/avr-gcc@9/9.4.0/lib/avr-gcc/9/gcc/avr/9.4.0/../../../../../../avr/lib/avr5/libc.a(itoa_ncheck.o)
 .data          0x00800060        0x0 /opt/homebrew/Cellar/avr-gcc@9/9.4.0/lib/avr-gcc/9/gcc/avr/9.4.0/../../../../../../avr/lib/avr5/libc.a(utoa_ncheck.o)
 .data          0x00800060        0x0 /opt/homebrew/Cellar/avr-gcc@9/9.4.0/lib/avr-gcc/9/gcc/avr/9.4.0/../../../../../../avr/lib/avr5/libc.a(strrev.o)
 *(.data*)
 *(.gnu.linkonce.d*)
 *(.rodata)
 .rodata        0x00800060        0xb ./appp.o
 *(.rodata*)
 *(.gnu.linkonce.r*)
                0x0080006c                        . = ALIGN (0x2)
 *fill*         0x0080006b        0x1 
                0x0080006c                        _edata = .
                0x0080006c                        PROVIDE (__data_end = .)

.bss            0x0080006c        0x5
                0x0080006c                        PROVIDE (__bss_start = .)
 *(.bss)
 .bss           0x0080006c        0x0 /opt/homebrew/Cellar/avr-gcc@9/9.4.0/lib/avr-gcc/9/gcc/avr/9.4.0/../../../../../../avr/lib/avr5/crtatmega32.o
 .bss           0x0080006c        0x0 ./.metadata/.plugins/org.eclipse.cdt.make.core/specs.o
 .bss           0x0080006c        0x0 ./Ultrasonic_Sensor.o
 .bss           0x0080006c        0x0 ./appp.o
 .bss           0x0080006c        0x0 ./gpio.o
 .bss           0x0080006c        0x0 ./icu.o
 .bss           0x0080006c        0x0 ./lcd.o
 .bss           0x0080006c        0x0 /opt/homebrew/Cellar/avr-gcc@9/9.4.0/lib/avr-gcc/9/gcc/avr/9.4.0/avr5/libgcc.a(_exit.o)
 .bss           0x0080006c        0x0 /opt/homebrew/Cellar/avr-gcc@9/9.4.0/lib/avr-gcc/9/gcc/avr/9.4.0/avr5/libgcc.a(_copy_data.o)
 .bss           0x0080006c        0x0 /opt/homebrew/Cellar/avr-gcc@9/9.4.0/lib/avr-gcc/9/gcc/avr/9.4.0/avr5/libgcc.a(_clear_bss.o)
 .bss           0x0080006c        0x0 /opt/homebrew/Cellar/avr-gcc@9/9.4.0/lib/avr-gcc/9/gcc/avr/9.4.0/../../../../../../avr/lib/avr5/libm.a(addsf3.o)
 .bss           0x0080006c        0x0 /opt/homebrew/Cellar/avr-gcc@9/9.4.0/lib/avr-gcc/9/gcc/avr/9.4.0/../../../../../../avr/lib/avr5/libm.a(addsf3x.o)
 .bss           0x0080006c        0x0 /opt/homebrew/Cellar/avr-gcc@9/9.4.0/lib/avr-gcc/9/gcc/avr/9.4.0/../../../../../../avr/lib/avr5/libm.a(cmpsf2.o)
 .bss           0x0080006c        0x0 /opt/homebrew/Cellar/avr-gcc@9/9.4.0/lib/avr-gcc/9/gcc/avr/9.4.0/../../../../../../avr/lib/avr5/libm.a(divsf3.o)
 .bss           0x0080006c        0x0 /opt/homebrew/Cellar/avr-gcc@9/9.4.0/lib/avr-gcc/9/gcc/avr/9.4.0/../../../../../../avr/lib/avr5/libm.a(divsf3x.o)
 .bss           0x0080006c        0x0 /opt/homebrew/Cellar/avr-gcc@9/9.4.0/lib/avr-gcc/9/gcc/avr/9.4.0/../../../../../../avr/lib/avr5/libm.a(fixunssfsi.o)
 .bss           0x0080006c        0x0 /opt/homebrew/Cellar/avr-gcc@9/9.4.0/lib/avr-gcc/9/gcc/avr/9.4.0/../../../../../../avr/lib/avr5/libm.a(floatsisf.o)
 .bss           0x0080006c        0x0 /opt/homebrew/Cellar/avr-gcc@9/9.4.0/lib/avr-gcc/9/gcc/avr/9.4.0/../../../../../../avr/lib/avr5/libm.a(fp_cmp.o)
 .bss           0x0080006c        0x0 /opt/homebrew/Cellar/avr-gcc@9/9.4.0/lib/avr-gcc/9/gcc/avr/9.4.0/../../../../../../avr/lib/avr5/libm.a(fp_inf.o)
 .bss           0x0080006c        0x0 /opt/homebrew/Cellar/avr-gcc@9/9.4.0/lib/avr-gcc/9/gcc/avr/9.4.0/../../../../../../avr/lib/avr5/libm.a(fp_nan.o)
 .bss           0x0080006c        0x0 /opt/homebrew/Cellar/avr-gcc@9/9.4.0/lib/avr-gcc/9/gcc/avr/9.4.0/../../../../../../avr/lib/avr5/libm.a(fp_pscA.o)
 .bss           0x0080006c        0x0 /opt/homebrew/Cellar/avr-gcc@9/9.4.0/lib/avr-gcc/9/gcc/avr/9.4.0/../../../../../../avr/lib/avr5/libm.a(fp_pscB.o)
 .bss           0x0080006c        0x0 /opt/homebrew/Cellar/avr-gcc@9/9.4.0/lib/avr-gcc/9/gcc/avr/9.4.0/../../../../../../avr/lib/avr5/libm.a(fp_round.o)
 .bss           0x0080006c        0x0 /opt/homebrew/Cellar/avr-gcc@9/9.4.0/lib/avr-gcc/9/gcc/avr/9.4.0/../../../../../../avr/lib/avr5/libm.a(fp_split3.o)
 .bss           0x0080006c        0x0 /opt/homebrew/Cellar/avr-gcc@9/9.4.0/lib/avr-gcc/9/gcc/avr/9.4.0/../../../../../../avr/lib/avr5/libm.a(fp_zero.o)
 .bss           0x0080006c        0x0 /opt/homebrew/Cellar/avr-gcc@9/9.4.0/lib/avr-gcc/9/gcc/avr/9.4.0/../../../../../../avr/lib/avr5/libm.a(gesf2.o)
 .bss           0x0080006c        0x0 /opt/homebrew/Cellar/avr-gcc@9/9.4.0/lib/avr-gcc/9/gcc/avr/9.4.0/../../../../../../avr/lib/avr5/libm.a(mulsf3.o)
 .bss           0x0080006c        0x0 /opt/homebrew/Cellar/avr-gcc@9/9.4.0/lib/avr-gcc/9/gcc/avr/9.4.0/../../../../../../avr/lib/avr5/libm.a(mulsf3x.o)
 .bss           0x0080006c        0x0 /opt/homebrew/Cellar/avr-gcc@9/9.4.0/lib/avr-gcc/9/gcc/avr/9.4.0/../../../../../../avr/lib/avr5/libc.a(itoa.o)
 .bss           0x0080006c        0x0 /opt/homebrew/Cellar/avr-gcc@9/9.4.0/lib/avr-gcc/9/gcc/avr/9.4.0/../../../../../../avr/lib/avr5/libc.a(itoa_ncheck.o)
 .bss           0x0080006c        0x0 /opt/homebrew/Cellar/avr-gcc@9/9.4.0/lib/avr-gcc/9/gcc/avr/9.4.0/../../../../../../avr/lib/avr5/libc.a(utoa_ncheck.o)
 .bss           0x0080006c        0x0 /opt/homebrew/Cellar/avr-gcc@9/9.4.0/lib/avr-gcc/9/gcc/avr/9.4.0/../../../../../../avr/lib/avr5/libc.a(strrev.o)
 *(.bss*)
 .bss.high_time
                0x0080006c        0x2 ./Ultrasonic_Sensor.o
                0x0080006c                high_time
 .bss.counter   0x0080006e        0x1 ./Ultrasonic_Sensor.o
                0x0080006e                counter
 .bss.a_ptr1    0x0080006f        0x2 ./icu.o
 *(COMMON)
                0x00800071                        PROVIDE (__bss_end = .)
                0x00002688                        __data_load_start = LOADADDR (.data)
                0x00002694                        __data_load_end = (__data_load_start + SIZEOF (.data))

.noinit         0x00800071        0x0
                [!provide]                        PROVIDE (__noinit_start = .)
 *(.noinit .noinit.* .gnu.linkonce.n.*)
                [!provide]                        PROVIDE (__noinit_end = .)
                0x00800071                        _end = .
                [!provide]                        PROVIDE (__heap_start = .)

.eeprom         0x00810000        0x0
 *(.eeprom*)
                0x00810000                        __eeprom_end = .

.fuse
 *(.fuse)
 *(.lfuse)
 *(.hfuse)
 *(.efuse)

.lock
 *(.lock*)

.signature
 *(.signature*)

.stab           0x00000000     0x312c
 *(.stab)
 .stab          0x00000000      0x288 ./.metadata/.plugins/org.eclipse.cdt.make.core/specs.o
 .stab          0x00000288      0x978 ./Ultrasonic_Sensor.o
                                0x984 (size before relaxing)
 .stab          0x00000c00      0x480 ./appp.o
                                0x6a8 (size before relaxing)
 .stab          0x00001080      0xa80 ./gpio.o
                                0xd14 (size before relaxing)
 .stab          0x00001b00      0x5b8 ./icu.o
                                0x894 (size before relaxing)
 .stab          0x000020b8     0x1074 ./lcd.o
                               0x12e4 (size before relaxing)

.stabstr        0x00000000     0x1400
 *(.stabstr)
 .stabstr       0x00000000     0x1400 ./.metadata/.plugins/org.eclipse.cdt.make.core/specs.o

.stab.excl
 *(.stab.excl)

.stab.exclstr
 *(.stab.exclstr)

.stab.index
 *(.stab.index)

.stab.indexstr
 *(.stab.indexstr)

.comment        0x00000000       0x24
 *(.comment)
 .comment       0x00000000       0x24 ./.metadata/.plugins/org.eclipse.cdt.make.core/specs.o
                                 0x25 (size before relaxing)
 .comment       0x00000024       0x25 ./Ultrasonic_Sensor.o
 .comment       0x00000024       0x25 ./appp.o
 .comment       0x00000024       0x25 ./gpio.o
 .comment       0x00000024       0x25 ./icu.o
 .comment       0x00000024       0x25 ./lcd.o

.note.gnu.avr.deviceinfo
                0x00000000       0x3c
 .note.gnu.avr.deviceinfo
                0x00000000       0x3c /opt/homebrew/Cellar/avr-gcc@9/9.4.0/lib/avr-gcc/9/gcc/avr/9.4.0/../../../../../../avr/lib/avr5/crtatmega32.o

.note.gnu.build-id
 *(.note.gnu.build-id)

.debug
 *(.debug)

.line
 *(.line)

.debug_srcinfo
 *(.debug_srcinfo)

.debug_sfnames
 *(.debug_sfnames)

.debug_aranges  0x00000000       0x60
 *(.debug_aranges)
 .debug_aranges
                0x00000000       0x20 /opt/homebrew/Cellar/avr-gcc@9/9.4.0/lib/avr-gcc/9/gcc/avr/9.4.0/avr5/libgcc.a(_exit.o)
 .debug_aranges
                0x00000020       0x20 /opt/homebrew/Cellar/avr-gcc@9/9.4.0/lib/avr-gcc/9/gcc/avr/9.4.0/avr5/libgcc.a(_copy_data.o)
 .debug_aranges
                0x00000040       0x20 /opt/homebrew/Cellar/avr-gcc@9/9.4.0/lib/avr-gcc/9/gcc/avr/9.4.0/avr5/libgcc.a(_clear_bss.o)

.debug_pubnames
 *(.debug_pubnames)

.debug_info     0x00000000      0x558
 *(.debug_info .gnu.linkonce.wi.*)
 .debug_info    0x00000000      0x4e6 /opt/homebrew/Cellar/avr-gcc@9/9.4.0/lib/avr-gcc/9/gcc/avr/9.4.0/../../../../../../avr/lib/avr5/crtatmega32.o
 .debug_info    0x000004e6       0x26 /opt/homebrew/Cellar/avr-gcc@9/9.4.0/lib/avr-gcc/9/gcc/avr/9.4.0/avr5/libgcc.a(_exit.o)
 .debug_info    0x0000050c       0x26 /opt/homebrew/Cellar/avr-gcc@9/9.4.0/lib/avr-gcc/9/gcc/avr/9.4.0/avr5/libgcc.a(_copy_data.o)
 .debug_info    0x00000532       0x26 /opt/homebrew/Cellar/avr-gcc@9/9.4.0/lib/avr-gcc/9/gcc/avr/9.4.0/avr5/libgcc.a(_clear_bss.o)

.debug_abbrev   0x00000000      0x4df
 *(.debug_abbrev)
 .debug_abbrev  0x00000000      0x4a3 /opt/homebrew/Cellar/avr-gcc@9/9.4.0/lib/avr-gcc/9/gcc/avr/9.4.0/../../../../../../avr/lib/avr5/crtatmega32.o
 .debug_abbrev  0x000004a3       0x14 /opt/homebrew/Cellar/avr-gcc@9/9.4.0/lib/avr-gcc/9/gcc/avr/9.4.0/avr5/libgcc.a(_exit.o)
 .debug_abbrev  0x000004b7       0x14 /opt/homebrew/Cellar/avr-gcc@9/9.4.0/lib/avr-gcc/9/gcc/avr/9.4.0/avr5/libgcc.a(_copy_data.o)
 .debug_abbrev  0x000004cb       0x14 /opt/homebrew/Cellar/avr-gcc@9/9.4.0/lib/avr-gcc/9/gcc/avr/9.4.0/avr5/libgcc.a(_clear_bss.o)

.debug_line     0x00000000      0x19a
 *(.debug_line .debug_line.* .debug_line_end)
 .debug_line    0x00000000       0x1d /opt/homebrew/Cellar/avr-gcc@9/9.4.0/lib/avr-gcc/9/gcc/avr/9.4.0/../../../../../../avr/lib/avr5/crtatmega32.o
 .debug_line    0x0000001d       0x61 /opt/homebrew/Cellar/avr-gcc@9/9.4.0/lib/avr-gcc/9/gcc/avr/9.4.0/avr5/libgcc.a(_exit.o)
 .debug_line    0x0000007e       0x97 /opt/homebrew/Cellar/avr-gcc@9/9.4.0/lib/avr-gcc/9/gcc/avr/9.4.0/avr5/libgcc.a(_copy_data.o)
 .debug_line    0x00000115       0x85 /opt/homebrew/Cellar/avr-gcc@9/9.4.0/lib/avr-gcc/9/gcc/avr/9.4.0/avr5/libgcc.a(_clear_bss.o)

.debug_frame
 *(.debug_frame)

.debug_str      0x00000000      0x219
 *(.debug_str)
 .debug_str     0x00000000      0x196 /opt/homebrew/Cellar/avr-gcc@9/9.4.0/lib/avr-gcc/9/gcc/avr/9.4.0/../../../../../../avr/lib/avr5/crtatmega32.o
 .debug_str     0x00000196       0x83 /opt/homebrew/Cellar/avr-gcc@9/9.4.0/lib/avr-gcc/9/gcc/avr/9.4.0/avr5/libgcc.a(_exit.o)
 .debug_str     0x00000219       0x83 /opt/homebrew/Cellar/avr-gcc@9/9.4.0/lib/avr-gcc/9/gcc/avr/9.4.0/avr5/libgcc.a(_copy_data.o)
 .debug_str     0x00000219       0x83 /opt/homebrew/Cellar/avr-gcc@9/9.4.0/lib/avr-gcc/9/gcc/avr/9.4.0/avr5/libgcc.a(_clear_bss.o)

.debug_loc
 *(.debug_loc)

.debug_macinfo
 *(.debug_macinfo)

.debug_weaknames
 *(.debug_weaknames)

.debug_funcnames
 *(.debug_funcnames)

.debug_typenames
 *(.debug_typenames)

.debug_varnames
 *(.debug_varnames)

.debug_pubtypes
 *(.debug_pubtypes)

.debug_ranges
 *(.debug_ranges)

.debug_addr
 *(.debug_addr)

.debug_line_str
 *(.debug_line_str)

.debug_loclists
 *(.debug_loclists)

.debug_macro
 *(.debug_macro)

.debug_names
 *(.debug_names)

.debug_rnglists
 *(.debug_rnglists)

.debug_str_offsets
 *(.debug_str_offsets)

.debug_sup
 *(.debug_sup)
OUTPUT(mini4.elf elf32-avr)
LOAD linker stubs
